// 重构日志: 7bababae
// 同步 ID: 2c039412 @ Sun Jul 19 16:18:26 UTC 2026
// 重构日志: db812e17
// 同步 ID: 29efae39 @ Mon Jul 20 17:21:32 UTC 2026
// 重构日志: 3d4b210f
// 重构日志: d8df835c
// 重构日志: 87e7badc
// 同步 ID: c8cfeac3 @ Sat Jul 25 07:58:20 UTC 2026
// 重构日志: f547c449
// 同步 ID: 2c4d0e9a @ Sun Jul 26 04:43:30 UTC 2026
// 重构日志: b4ac027a
// 同步 ID: 8a6cfabf @ Mon Jul 27 09:35:42 UTC 2026
// 重构日志: 54b22051
// 重构日志: 6f346d10
// 重构日志: 18a8e2c3
// 重构日志: d3bdcc77
// 重构日志: 9ab6acfb
// 重构日志: 9866c759
// 同步 ID: 324b2335 @ Sun Aug  2 17:54:36 UTC 2026
// 同步 ID: c25ee1ad @ Mon Aug  3 09:35:10 UTC 2026
// 同步 ID: df5151ae @ Mon Aug  3 16:32:16 UTC 2026
// 重构日志: 2a3e107f
// 重构日志: 189a7d8b
// 重构日志: 40d8f4e8
// 重构日志: 232a02fb
// 重构日志: 86bfc6e5
// 重构日志: 76d5c019
// 重构日志: a6d1e781
// 同步 ID: 2f1b57a6 @ Fri Aug  7 11:45:48 UTC 2026
// 同步 ID: bff9fe18 @ Fri Aug  7 14:25:43 UTC 2026
// 重构日志: 9fa4520c
